main:
  loadI 2 => r0
  loadI 3 => r1
  add r0, r1 => r2
  i2i r2 => RET
l0:
  return

==========================
sp=65536 bp=-9999999 ret=-9999999
registers: 
stack:
other memory:
==========================

Executing: loadI 2 => r0

==========================
sp=65536 bp=-9999999 ret=-9999999
registers:  r0=2
stack:
other memory:
==========================

Executing: loadI 3 => r1

==========================
sp=65536 bp=-9999999 ret=-9999999
registers:  r0=2 r1=3
stack:
other memory:
==========================

Executing: add r0, r1 => r2

==========================
sp=65536 bp=-9999999 ret=-9999999
registers:  r0=2 r1=3 r2=5
stack:
other memory:
==========================

Executing: i2i r2 => RET

==========================
sp=65536 bp=-9999999 ret=5
registers:  r0=2 r1=3 r2=5
stack:
other memory:
==========================

Executing: l0:

==========================
sp=65536 bp=-9999999 ret=5
registers:  r0=2 r1=3 r2=5
stack:
other memory:
==========================

Executing: return
RETURN VALUE = 5
