main:
  push BP
  i2i SP => BP
  addI SP, -8 => SP
  loadI 1 => r0
  cbr r0 => l1, l2
l1:
  loadI 2 => r1
  storeAI r1 => [BP-8]
  jump l3
l2:
  loadI 3 => r2
  storeAI r2 => [BP-8]
l3:
  loadAI [BP-8] => r3
  i2i r3 => RET
  jump l0
l0:
  i2i BP => SP
  pop BP
  return
RETURN VALUE = 2