main:
  push BP
  i2i SP => BP
  addI SP, -8 => SP
  loadI 2 => r0
  loadI 3 => r1
  loadI 4 => r2
  mult r1, r2 => r3
  add r0, r3 => r4
  storeAI r4 => [BP-8]
  loadAI [BP-8] => r5
  i2i r5 => RET
  jump l0
l0:
  i2i BP => SP
  pop BP
  return
RETURN VALUE = 14