Array 'arr' accessed without index on line 5
Array 'arr' accessed without index on line 6
