Type mismatch in parameter 0 of call to 'print_str': expected str but found int on line 7
Invalid number of function arguments on line 21
Type mismatch in parameter 0 of call to 'subtract': expected int but found str on line 24
Type mismatch in parameter 1 of call to 'subtract': expected int but found str on line 27
Symbol 'a' undefined on line 32
Symbol 'a' undefined on line 33
Symbol 'b' undefined on line 36
Symbol 'a' undefined on line 36
Symbol 'c' undefined on line 36
Symbol 'arr' undefined on line 40
Symbol 'b' undefined on line 45
Type mismatch: bool expected but int found on line 49
Symbol 'test' undefined on line 56
Type mismatch in parameter 0 of call to 'subtract': expected int but found str on line 56
Symbol 'test' undefined on line 57
