Invalid number of function arguments on line 28
Type mismatch in parameter 1 of call to 'multiply': expected int but found str on line 29
Invalid number of function arguments on line 30
Type mismatch in parameter 1 of call to 'add': expected int but found str on line 31
Type mismatch in parameter 0 of call to 'factorial': expected int but found str on line 39
Invalid number of function arguments on line 52
Symbol 'x' undefined on line 56
Symbol 'x' undefined on line 57
Type mismatch: bool expected but int found on line 60
Type mismatch: bool expected but int found on line 63
