Duplicate symbols named 'x' in scope started on line 1
Program does not contain a 'main' function
