Void variable 'result' on line 2
Type mismatch: void is incompatible with bool on line 3
Symbol 'a' undefined on line 4
Symbol 'b' undefined on line 4
Symbol 'c' undefined on line 4
Symbol 'd' undefined on line 4
Symbol 'e' undefined on line 4
Symbol 'f' undefined on line 4
Type mismatch: bool expected but int found on line 4
Symbol 'g' undefined on line 4
Symbol 'h' undefined on line 4
Symbol 'i' undefined on line 4
Symbol 'j' undefined on line 4
Symbol 'k' undefined on line 4
Symbol 'l' undefined on line 4
Symbol 'm' undefined on line 4
Symbol 'n' undefined on line 4
Symbol 'o' undefined on line 4
Symbol 'p' undefined on line 4
Symbol 'q' undefined on line 4
Symbol 'r' undefined on line 4
Symbol 's' undefined on line 4
Symbol 't' undefined on line 4
Symbol 'u' undefined on line 4
Type mismatch: int expected but bool found on line 4
Type mismatch: int expected but bool found on line 4
Symbol 'v' undefined on line 4
Symbol 'w' undefined on line 4
Symbol 'x' undefined on line 4
Symbol 'y' undefined on line 4
Type mismatch: bool expected but int found on line 4
Type mismatch: void is incompatible with bool on line 4
Symbol 'foo' undefined on line 5
Symbol 'bar' undefined on line 5
Symbol 'arr' undefined on line 5
Symbol 'arr' undefined on line 5
Symbol 'baz' undefined on line 5
Type mismatch: bool expected but int found on line 5
Symbol 'x' undefined on line 5
Symbol 'y' undefined on line 5
Symbol 'z' undefined on line 5
Type mismatch: void is incompatible with bool on line 5
Symbol 'a' undefined on line 6
Symbol 'b' undefined on line 6
Type mismatch: bool expected but int found on line 6
Symbol 'c' undefined on line 6
Symbol 'd' undefined on line 6
Symbol 'e' undefined on line 6
Symbol 'f' undefined on line 6
Type mismatch: int expected but bool found on line 6
Symbol 'g' undefined on line 6
Symbol 'h' undefined on line 6
Symbol 'i' undefined on line 6
Symbol 'j' undefined on line 6
Type mismatch: int expected but bool found on line 6
Type mismatch: void is incompatible with int on line 6
Symbol 'alpha' undefined on line 7
Symbol 'beta' undefined on line 7
Symbol 'gamma' undefined on line 7
Symbol 'delta' undefined on line 7
Symbol 'x' undefined on line 7
Type mismatch: int expected but bool found on line 7
Symbol 'm' undefined on line 7
Symbol 'n' undefined on line 7
Symbol 'p' undefined on line 7
Symbol 'q' undefined on line 7
Type mismatch: void is incompatible with bool on line 7
Symbol 'foo' undefined on line 8
Symbol 'bar' undefined on line 8
Type mismatch: int expected but bool found on line 8
Symbol 'a' undefined on line 8
Symbol 'b' undefined on line 8
Type mismatch: int is incompatible with bool on line 8
Type mismatch: void is incompatible with bool on line 8
Symbol 'funcA' undefined on line 9
Symbol 'funcB' undefined on line 9
Symbol 'x' undefined on line 9
Symbol 'y' undefined on line 9
Symbol 'z' undefined on line 9
Type mismatch: bool expected but int found on line 9
Symbol 'array' undefined on line 9
Symbol 'array' undefined on line 9
Symbol 'array' undefined on line 9
Type mismatch: void is incompatible with bool on line 9
Symbol 'x' undefined on line 10
Symbol 'y' undefined on line 10
Symbol 'z' undefined on line 10
Symbol 'funcC' undefined on line 10
Symbol 'a' undefined on line 10
Symbol 'b' undefined on line 10
Symbol 'c' undefined on line 10
Symbol 'd' undefined on line 10
Type mismatch: bool expected but int found on line 10
Symbol 'foo' undefined on line 10
Symbol 'bar' undefined on line 10
Type mismatch: void is incompatible with bool on line 10
Symbol 'arr' undefined on line 11
Symbol 'arr' undefined on line 11
Type mismatch: int expected but bool found on line 11
Symbol 'foo' undefined on line 11
Symbol 'bar' undefined on line 11
Type mismatch: int is incompatible with bool on line 11
Type mismatch: void is incompatible with bool on line 11
Symbol 'x' undefined on line 12
Symbol 'y' undefined on line 12
Symbol 'z' undefined on line 12
Symbol 'arr' undefined on line 12
Symbol 'funcD' undefined on line 12
Type mismatch: void is incompatible with bool on line 12
Symbol 'foo' undefined on line 13
Symbol 'a' undefined on line 13
Symbol 'bar' undefined on line 13
Symbol 'b' undefined on line 13
Symbol 'c' undefined on line 13
Symbol 'baz' undefined on line 13
Symbol 'd' undefined on line 13
Symbol 'x' undefined on line 13
Symbol 'y' undefined on line 13
Symbol 'e' undefined on line 13
Symbol 'f' undefined on line 13
Type mismatch: void is incompatible with bool on line 13
Type mismatch: bool expected but int found on line 14
Type mismatch: bool expected but int found on line 14
Type mismatch: int is incompatible with bool on line 14
Type mismatch: int is incompatible with bool on line 14
Symbol 'foo' undefined on line 14
Symbol 'arr' undefined on line 14
Symbol 'bar' undefined on line 14
Symbol 'arr' undefined on line 14
Type mismatch: void is incompatible with bool on line 14
Symbol 'alpha' undefined on line 15
Symbol 'beta' undefined on line 15
Symbol 'gamma' undefined on line 15
Symbol 'delta' undefined on line 15
Symbol 'epsilon' undefined on line 15
Symbol 'z' undefined on line 15
Symbol 'a' undefined on line 15
Type mismatch: bool expected but int found on line 15
Symbol 'b' undefined on line 15
Symbol 'c' undefined on line 15
Type mismatch: void is incompatible with bool on line 15
Symbol 'funcA' undefined on line 16
Symbol 'x' undefined on line 16
Symbol 'arr' undefined on line 16
Symbol 'arr' undefined on line 16
Symbol 'funcB' undefined on line 16
Symbol 'y' undefined on line 16
Type mismatch: void is incompatible with bool on line 16
Symbol 'x' undefined on line 17
Symbol 'y' undefined on line 17
Symbol 'foo' undefined on line 17
Symbol 'bar' undefined on line 17
Type mismatch: bool expected but int found on line 17
Type mismatch: int expected but bool found on line 17
Type mismatch: void is incompatible with bool on line 17
Symbol 'a' undefined on line 18
Symbol 'b' undefined on line 18
Symbol 'c' undefined on line 18
Symbol 'd' undefined on line 18
Symbol 'foo' undefined on line 18
Symbol 'bar' undefined on line 18
Type mismatch: void is incompatible with bool on line 18
Symbol 'foo' undefined on line 19
Symbol 'a' undefined on line 19
Symbol 'b' undefined on line 19
Symbol 'c' undefined on line 19
Type mismatch: bool expected but int found on line 19
Type mismatch: bool expected but int found on line 19
Type mismatch: bool expected but int found on line 19
Type mismatch: int expected but bool found on line 19
Type mismatch: void is incompatible with bool on line 19
Symbol 'a' undefined on line 20
Symbol 'b' undefined on line 20
Symbol 'foo' undefined on line 20
Symbol 'bar' undefined on line 20
Type mismatch: int expected but bool found on line 20
Symbol 'x' undefined on line 20
Symbol 'y' undefined on line 20
Type mismatch: void is incompatible with bool on line 20
Symbol 'foo' undefined on line 21
Symbol 'a' undefined on line 21
Symbol 'bar' undefined on line 21
Symbol 'b' undefined on line 21
Type mismatch: int is incompatible with bool on line 21
Type mismatch: void is incompatible with bool on line 21
Symbol 'arr' undefined on line 22
Symbol 'arr' undefined on line 22
Symbol 'arr' undefined on line 22
Symbol 'arr' undefined on line 22
Symbol 'funcC' undefined on line 22
Symbol 'x' undefined on line 22
Symbol 'funcD' undefined on line 22
Symbol 'y' undefined on line 22
Type mismatch: void is incompatible with bool on line 22
Type mismatch: bool expected but int found on line 23
Type mismatch: bool expected but int found on line 23
Type mismatch: int expected but bool found on line 23
Symbol 'foo' undefined on line 23
Symbol 'bar' undefined on line 23
Type mismatch: int is incompatible with bool on line 23
Type mismatch: void is incompatible with bool on line 23
Symbol 'x' undefined on line 24
Symbol 'y' undefined on line 24
Symbol 'z' undefined on line 24
Symbol 'funcC' undefined on line 24
Symbol 'a' undefined on line 24
Symbol 'b' undefined on line 24
Symbol 'c' undefined on line 24
Symbol 'd' undefined on line 24
Type mismatch: bool expected but int found on line 24
Symbol 'foo' undefined on line 24
Symbol 'bar' undefined on line 24
Type mismatch: void is incompatible with bool on line 24
Symbol 'x' undefined on line 26
Symbol 'x' undefined on line 26
Symbol 'x' undefined on line 27
Symbol 'foo' undefined on line 27
Symbol 'y' undefined on line 28
Symbol 'arr' undefined on line 29
Symbol 'arr' undefined on line 29
Symbol 'b' undefined on line 30
Symbol 'isReady' undefined on line 30
Symbol 'isLoaded' undefined on line 30
Symbol 'processData' undefined on line 31
Symbol 'x' undefined on line 31
Symbol 'y' undefined on line 32
Symbol 'x' undefined on line 32
Symbol 'foo' undefined on line 32
Symbol 'y' undefined on line 32
Symbol 'arr' undefined on line 33
Symbol 'i' undefined on line 33
Symbol 'getValue' undefined on line 33
Symbol 'a' undefined on line 34
Symbol 'b' undefined on line 34
Type mismatch: void is incompatible with int on line 34
Symbol 'foo' undefined on line 35
Symbol 'bar' undefined on line 35
