Program [line 1]
SYM TABLE:
 print_int : (int) -> void
 print_bool : (bool) -> void
 print_str : (str) -> void
 something : () -> int
 main : () -> int
 now : () -> void
 x : int
 y : int
 z : int
 a : bool
 b : bool
 c : bool

  FuncDecl name="something" return_type=int parameters={} [line 8]
  SYM TABLE:

    Block [line 8]
    SYM TABLE:

  FuncDecl name="main" return_type=int parameters={} [line 12]
  SYM TABLE:

    Block [line 12]
    SYM TABLE:

  FuncDecl name="now" return_type=void parameters={} [line 16]
  SYM TABLE:

    Block [line 16]
    SYM TABLE:

