Program [line 1]
SYM TABLE:
 print_int : (int) -> void
 print_bool : (bool) -> void
 print_str : (str) -> void
 divide : (int, int) -> int
 calculateSum : (int, int, int) -> int
 main : () -> int
 arr : int [5]

  FuncDecl name="divide" return_type=int parameters={a:int,b:int} [line 1]
  SYM TABLE:
   a : int
   b : int

    Block [line 1]
    SYM TABLE:

        Block [line 2]
        SYM TABLE:

  FuncDecl name="calculateSum" return_type=int parameters={x:int,y:int,z:int} [line 8]
  SYM TABLE:
   x : int
   y : int
   z : int

    Block [line 8]
    SYM TABLE:

  FuncDecl name="main" return_type=int parameters={} [line 13]
  SYM TABLE:

    Block [line 13]
    SYM TABLE:
     result : int
     x : int
     a : int

