Program [line 1]
SYM TABLE:
 print_int : (int) -> void
 print_bool : (bool) -> void
 print_str : (str) -> void
 main : () -> int
 wow : (int, int, int, bool) -> void
 bad : (int, int) -> void
 world : int
 print : bool

  FuncDecl name="main" return_type=int parameters={} [line 4]
  SYM TABLE:

    Block [line 4]
    SYM TABLE:
     now : int
     now1 : bool
     faelse : bool
     help : bool
     test : int

  FuncDecl name="wow" return_type=void parameters={a:int,b:int,c:int,d:bool} [line 19]
  SYM TABLE:
   a : int
   b : int
   c : int
   d : bool

    Block [line 19]
    SYM TABLE:

  FuncDecl name="bad" return_type=void parameters={a:int,b:int} [line 21]
  SYM TABLE:
   a : int
   b : int

    Block [line 21]
    SYM TABLE:

