Type mismatch: int expected but void found on line 5
