Program [line 1]
SYM TABLE:
 print_int : (int) -> void
 print_bool : (bool) -> void
 print_str : (str) -> void
 add : (int, int) -> int
 subtract : (int, int) -> int
 printResult : (int) -> void
 factorial : (int) -> int
 fibonacci : (int) -> int
 isEven : (int) -> bool
 isGreater : (int, int) -> bool
 complexNestedExample : (int) -> void
 main : () -> int
 globalVar1 : int
 globalVar2 : int
 myArray : int [10]

  FuncDecl name="add" return_type=int parameters={x:int,y:int} [line 7]
  SYM TABLE:
   x : int
   y : int

    Block [line 7]
    SYM TABLE:

  FuncDecl name="subtract" return_type=int parameters={x:int,y:int} [line 12]
  SYM TABLE:
   x : int
   y : int

    Block [line 12]
    SYM TABLE:

  FuncDecl name="printResult" return_type=void parameters={result:int} [line 17]
  SYM TABLE:
   result : int

    Block [line 17]
    SYM TABLE:

        Block [line 18]
        SYM TABLE:

        Block [line 20]
        SYM TABLE:

  FuncDecl name="factorial" return_type=int parameters={n:int} [line 25]
  SYM TABLE:
   n : int

    Block [line 25]
    SYM TABLE:

        Block [line 26]
        SYM TABLE:

        Block [line 28]
        SYM TABLE:

  FuncDecl name="fibonacci" return_type=int parameters={n:int} [line 34]
  SYM TABLE:
   n : int

    Block [line 34]
    SYM TABLE:

        Block [line 35]
        SYM TABLE:

        Block [line 37]
        SYM TABLE:

  FuncDecl name="isEven" return_type=bool parameters={num:int} [line 43]
  SYM TABLE:
   num : int

    Block [line 43]
    SYM TABLE:

  FuncDecl name="isGreater" return_type=bool parameters={a:int,b:int} [line 48]
  SYM TABLE:
   a : int
   b : int

    Block [line 48]
    SYM TABLE:

  FuncDecl name="complexNestedExample" return_type=void parameters={x:int} [line 52]
  SYM TABLE:
   x : int

    Block [line 52]
    SYM TABLE:
     i : int

        Block [line 55]
        SYM TABLE:

            Block [line 56]
            SYM TABLE:

                Block [line 58]
                SYM TABLE:

        Block [line 64]
        SYM TABLE:

  FuncDecl name="main" return_type=int parameters={} [line 71]
  SYM TABLE:

    Block [line 71]
    SYM TABLE:
     a : int
     b : int
     c : int
     i : int
     fact : int
     fib : int
     innerVar : int
     x : int

        Block [line 97]
        SYM TABLE:

        Block [line 116]
        SYM TABLE:

        Block [line 118]
        SYM TABLE:

        Block [line 125]
        SYM TABLE:

            Block [line 126]
            SYM TABLE:

            Block [line 129]
            SYM TABLE:

        Block [line 137]
        SYM TABLE:

        Block [line 149]
        SYM TABLE:

        Block [line 164]
        SYM TABLE:

            Block [line 173]
            SYM TABLE:

            Block [line 176]
            SYM TABLE:

