Void variable 'result' on line 2
Symbol 'a' undefined on line 56
Symbol 'b' undefined on line 58
Symbol 'c' undefined on line 61
Symbol 'd' undefined on line 63
Symbol 'e' undefined on line 65
Symbol 'f' undefined on line 68
Type mismatch: bool expected but int found on line 56
Symbol 'g' undefined on line 70
Symbol 'h' undefined on line 72
Symbol 'i' undefined on line 74
Symbol 'j' undefined on line 78
Symbol 'k' undefined on line 80
Symbol 'l' undefined on line 82
Symbol 'm' undefined on line 84
Symbol 'n' undefined on line 88
Symbol 'o' undefined on line 90
Symbol 'p' undefined on line 92
Symbol 'q' undefined on line 94
Symbol 'r' undefined on line 99
Symbol 's' undefined on line 101
Symbol 't' undefined on line 105
Symbol 'u' undefined on line 107
Type mismatch: int expected but bool found on line 88
Type mismatch: int expected but bool found on line 98
Symbol 'v' undefined on line 113
Symbol 'w' undefined on line 115
Symbol 'x' undefined on line 117
Symbol 'y' undefined on line 120
Type mismatch: bool expected but int found on line 87
Symbol 'foo' undefined on line 128
Symbol 'bar' undefined on line 130
Symbol 'arr' undefined on line 134
Symbol 'arr' undefined on line 136
Symbol 'baz' undefined on line 141
Type mismatch: bool expected but int found on line 126
Symbol 'x' undefined on line 145
Symbol 'y' undefined on line 149
Symbol 'z' undefined on line 155
Type mismatch: int expected but bool found on line 55
Type mismatch: int expected but bool found on line 125
Symbol 'a' undefined on line 170
Symbol 'b' undefined on line 172
Type mismatch: bool expected but int found on line 170
Symbol 'c' undefined on line 176
Symbol 'd' undefined on line 181
Symbol 'e' undefined on line 185
Symbol 'f' undefined on line 187
Type mismatch: int expected but bool found on line 163
Symbol 'g' undefined on line 190
Symbol 'h' undefined on line 195
Symbol 'i' undefined on line 199
Symbol 'j' undefined on line 201
Type mismatch: int expected but bool found on line 199
Symbol 'alpha' undefined on line 209
Symbol 'beta' undefined on line 211
Symbol 'gamma' undefined on line 214
Symbol 'delta' undefined on line 216
Symbol 'x' undefined on line 216
Type mismatch: int expected but bool found on line 221
Symbol 'm' undefined on line 227
Symbol 'n' undefined on line 229
Symbol 'p' undefined on line 231
Symbol 'q' undefined on line 233
Type mismatch: int expected but bool found on line 205
Symbol 'foo' undefined on line 246
Symbol 'bar' undefined on line 248
Type mismatch: int expected but bool found on line 253
Type mismatch: int expected but bool found on line 242
Symbol 'a' undefined on line 279
Symbol 'b' undefined on line 281
Symbol 'funcA' undefined on line 287
Symbol 'funcB' undefined on line 290
Symbol 'x' undefined on line 293
Symbol 'y' undefined on line 295
Symbol 'z' undefined on line 298
Type mismatch: bool expected but int found on line 287
Symbol 'array' undefined on line 311
Symbol 'array' undefined on line 313
Symbol 'array' undefined on line 315
Type mismatch: int expected but bool found on line 276
Type mismatch: int expected but bool found on line 286
Symbol 'x' undefined on line 323
Symbol 'y' undefined on line 326
Symbol 'z' undefined on line 328
Symbol 'funcC' undefined on line 332
Symbol 'a' undefined on line 332
Symbol 'b' undefined on line 332
Symbol 'c' undefined on line 335
Symbol 'd' undefined on line 337
Type mismatch: bool expected but int found on line 325
Symbol 'foo' undefined on line 349
Symbol 'bar' undefined on line 351
Type mismatch: int expected but bool found on line 275
Type mismatch: int expected but bool found on line 322
Symbol 'arr' undefined on line 373
Symbol 'arr' undefined on line 375
Type mismatch: int expected but bool found on line 373
Symbol 'foo' undefined on line 379
Symbol 'bar' undefined on line 381
Type mismatch: int is incompatible with bool on line 356
Symbol 'x' undefined on line 387
Symbol 'y' undefined on line 389
Symbol 'z' undefined on line 395
Symbol 'arr' undefined on line 405
Symbol 'funcD' undefined on line 407
Type mismatch: int expected but bool found on line 356
Type mismatch: int expected but bool found on line 386
Symbol 'foo' undefined on line 419
Symbol 'a' undefined on line 419
Symbol 'bar' undefined on line 421
Symbol 'b' undefined on line 421
Symbol 'c' undefined on line 421
Symbol 'baz' undefined on line 425
Symbol 'd' undefined on line 425
Symbol 'x' undefined on line 428
Symbol 'y' undefined on line 430
Symbol 'e' undefined on line 434
Symbol 'f' undefined on line 436
Type mismatch: int expected but bool found on line 418
Type mismatch: bool expected but int found on line 467
Type mismatch: bool expected but int found on line 469
Type mismatch: int is incompatible with bool on line 464
Type mismatch: int is incompatible with bool on line 443
Symbol 'foo' undefined on line 475
Symbol 'arr' undefined on line 475
Symbol 'bar' undefined on line 478
Symbol 'arr' undefined on line 478
Symbol 'alpha' undefined on line 485
Symbol 'beta' undefined on line 487
Symbol 'gamma' undefined on line 490
Symbol 'delta' undefined on line 492
Symbol 'epsilon' undefined on line 496
Symbol 'z' undefined on line 498
Symbol 'a' undefined on line 501
Type mismatch: bool expected but int found on line 485
Symbol 'b' undefined on line 505
Symbol 'c' undefined on line 507
Type mismatch: int expected but bool found on line 442
Type mismatch: int expected but bool found on line 484
Symbol 'funcA' undefined on line 513
Symbol 'x' undefined on line 513
Symbol 'arr' undefined on line 516
Symbol 'arr' undefined on line 518
Symbol 'funcB' undefined on line 524
Symbol 'y' undefined on line 524
Type mismatch: int expected but bool found on line 512
Type mismatch: int expected but bool found on line 275
Symbol 'x' undefined on line 537
Symbol 'y' undefined on line 539
Symbol 'foo' undefined on line 543
Symbol 'bar' undefined on line 548
Type mismatch: bool expected but int found on line 553
Type mismatch: int expected but bool found on line 553
Symbol 'a' undefined on line 565
Symbol 'b' undefined on line 567
Symbol 'c' undefined on line 571
Symbol 'd' undefined on line 573
Symbol 'foo' undefined on line 577
Symbol 'bar' undefined on line 579
Type mismatch: int expected but bool found on line 536
Type mismatch: int expected but bool found on line 564
Symbol 'foo' undefined on line 594
Symbol 'a' undefined on line 594
Symbol 'b' undefined on line 596
Symbol 'c' undefined on line 603
Type mismatch: bool expected but int found on line 610
Type mismatch: bool expected but int found on line 612
Type mismatch: bool expected but int found on line 607
Type mismatch: int expected but bool found on line 607
Type mismatch: int expected but bool found on line 590
Symbol 'a' undefined on line 619
Symbol 'b' undefined on line 621
Symbol 'foo' undefined on line 625
Symbol 'bar' undefined on line 627
Type mismatch: int expected but bool found on line 625
Symbol 'x' undefined on line 631
Symbol 'y' undefined on line 633
Type mismatch: int expected but bool found on line 618
Type mismatch: int expected but bool found on line 275
Type mismatch: int is incompatible with bool on line 270
Type mismatch: int expected but bool found on line 239
Symbol 'foo' undefined on line 645
Symbol 'bar' undefined on line 647
Symbol 'arr' undefined on line 658
Symbol 'arr' undefined on line 660
Type mismatch: int expected but bool found on line 638
Type mismatch: void is incompatible with bool on line 4
