Symbol 'processString' undefined on line 2
Symbol 'concatStrings' undefined on line 3
Symbol 'formatString' undefined on line 4
Symbol 'checkSubstring' undefined on line 5
Symbol 'toUpperCase' undefined on line 6
Symbol 'findCharacter' undefined on line 7
Symbol 'splitString' undefined on line 8
Symbol 'replaceSubstring' undefined on line 9
Symbol 'trimWhitespace' undefined on line 10
Symbol 'joinStrings' undefined on line 11
Symbol 'getStringLength' undefined on line 12
Symbol 'substring' undefined on line 13
Symbol 'compareStrings' undefined on line 14
Symbol 'stringContains' undefined on line 15
Symbol 'stringStartsWith' undefined on line 16
Symbol 'stringEndsWith' undefined on line 17
