Void variable 'b' on line 2
'main' must return an integer
