Type mismatch: int expected but void found on line 9
Type mismatch: int expected but bool found on line 9
Symbol 'NULL' undefined on line 13
Invalid number of function arguments on line 13
Invalid number of function arguments on line 14
Invalid number of function arguments on line 15
Symbol 'b' undefined on line 16
Function 'longer_params' accessed as a variable on line 16
Symbol 'result' undefined on line 17
Symbol 'multiply' undefined on line 17
Symbol 'undeclaredVar1' undefined on line 17
Symbol 'undeclaredVar2' undefined on line 17
Symbol 'sum' undefined on line 18
Symbol 'sumArray' undefined on line 18
Symbol 'unknownArray' undefined on line 18
Symbol 'unknownSize' undefined on line 18
Symbol 'final' undefined on line 19
Symbol 'multiply' undefined on line 19
Symbol 'multiply' undefined on line 19
Symbol 'undeclaredFunction' undefined on line 19
Symbol 'result' undefined on line 20
Symbol 'multiply' undefined on line 20
Symbol 'x' undefined on line 22
Symbol 'x' undefined on line 23
Symbol 'undeclaredVar' undefined on line 24
Symbol 'x' undefined on line 24
Symbol 'undeclaredVar2' undefined on line 24
Symbol 'totalSum' undefined on line 25
Symbol 'sumArray' undefined on line 25
Symbol 'arr' undefined on line 25
Symbol 'undeclaredSize' undefined on line 25
Symbol 'multiplyResult' undefined on line 26
Symbol 'multiply' undefined on line 26
Symbol 'undeclaredFloat' undefined on line 26
Symbol 'multiplyWithFuncResult' undefined on line 27
Symbol 'multiply' undefined on line 27
Symbol 'someFunction' undefined on line 27
Symbol 'messageResult' undefined on line 28
Symbol 'prMessage' undefined on line 28
Symbol 'nonExistent' undefined on line 29
Symbol 'nonExistentFunction' undefined on line 29
Type mismatch in parameter 1 of call to 'funcWithBadParam': expected bool but found int on line 30
Symbol 'recResult' undefined on line 31
Type mismatch in parameter 0 of call to 'recursiveFunction': expected bool but found int on line 31
Symbol 'accessBlockVar' undefined on line 32
Symbol 'blockVar' undefined on line 32
Symbol 'tempResult' undefined on line 33
Symbol 'undeclaredVar1' undefined on line 33
Symbol 'undeclaredVar2' undefined on line 33
Symbol 'declaredVar' undefined on line 34
Symbol 'undeclaredAssignment' undefined on line 34
Symbol 'resultFromUndeclared' undefined on line 35
Symbol 'faultyResult' undefined on line 36
Symbol 'arraySum' undefined on line 37
Symbol 'sumArray' undefined on line 37
Symbol 'arr' undefined on line 37
Symbol 'undeclaredSize' undefined on line 37
Type mismatch in parameter 0 of call to 'print_int': expected int but found void on line 43
Type mismatch: int expected but bool found on line 47
Invalid non-void return from void function on line 47
Type mismatch: int expected but bool found on line 50
Type mismatch in parameter 0 of call to 'recursiveFunction': expected bool but found int on line 50
Type mismatch: int expected but bool found on line 50
Type mismatch: bool expected but int found on line 53
