Program [line 1]
SYM TABLE:
 print_int : (int) -> void
 print_bool : (bool) -> void
 print_str : (str) -> void
 dangerous_recursion : (int) -> int
 main : () -> int

  FuncDecl name="dangerous_recursion" return_type=int parameters={n:int} [line 1]
  SYM TABLE:
   n : int

    Block [line 1]
    SYM TABLE:

        Block [line 2]
        SYM TABLE:

  FuncDecl name="main" return_type=int parameters={} [line 8]
  SYM TABLE:

    Block [line 8]
    SYM TABLE:

