Type mismatch in parameter 1 of call to 'func': expected int but found bool on line 2
Type mismatch in parameter 2 of call to 'func': expected int but found bool on line 2
Type mismatch in parameter 6 of call to 'func': expected void but found int on line 2
Void variable 'a' on line 8
Void variable 'c' on line 12
Void variable 'c' on line 13
Duplicate symbols named 'a' in scope started on line 5
Duplicate symbols named 'b' in scope started on line 5
Duplicate symbols named 'c' in scope started on line 5
Duplicate symbols named 'a' in scope started on line 5
