Program [line 1]
SYM TABLE:
 print_int : (int) -> void
 print_bool : (bool) -> void
 print_str : (str) -> void
 anotherFunction : () -> bool
 main : () -> int

  FuncDecl name="anotherFunction" return_type=bool parameters={} [line 1]
  SYM TABLE:

    Block [line 1]
    SYM TABLE:

  FuncDecl name="main" return_type=int parameters={} [line 5]
  SYM TABLE:

    Block [line 5]
    SYM TABLE:
     x : int

