Type mismatch in return statement on line 3: expected int, got bool
