Void variable 'op' on line 3
Type mismatch: int expected but str found on line 5
Type mismatch: void is incompatible with int on line 5
Unsupported string equality check on line 6
Unsupported string equality check on line 7
Unsupported string equality check on line 8
Type mismatch: int is incompatible with str on line 9
Type mismatch: int expected but str found on line 10
Type mismatch: int expected but str found on line 11
Type mismatch: int expected but str found on line 12
