Program [line 1]
  FuncDecl name="multiply" return_type=int parameters={x:int,y:int} [line 1]
    Block [line 1]
      Return [line 2]
        Binaryop op="*" [line 2]
          Location name="x" [line 2]
          Location name="y" [line 2]
  FuncDecl name="subtract" return_type=int parameters={x:int,y:int} [line 5]
    Block [line 5]
      Return [line 6]
        Binaryop op="-" [line 6]
          Location name="x" [line 6]
          Location name="y" [line 6]
  FuncDecl name="main" return_type=int parameters={} [line 9]
    Block [line 9]
      VarDecl name="a" type=int is_array=no array_length=1 [line 10]
      VarDecl name="b" type=int is_array=no array_length=1 [line 11]
      VarDecl name="result" type=int is_array=no array_length=1 [line 12]
      Assignment [line 13]
        Location name="a" [line 13]
        Literal type=int value=10 [line 13]
      Assignment [line 14]
        Location name="b" [line 14]
        Literal type=int value=5 [line 14]
      Assignment [line 17]
        Location name="result" [line 17]
        Binaryop op="+" [line 17]
          FuncCall name="multiply" [line 17]
            Location name="a" [line 17]
            FuncCall name="subtract" [line 17]
              Location name="a" [line 17]
              Location name="b" [line 17]
          Binaryop op="*" [line 17]
            Location name="b" [line 17]
            Literal type=int value=2 [line 17]
      Return [line 19]
        Location name="result" [line 19]
