Program [line 1]
  FuncDecl name="add" return_type=int parameters={x:int,y:int} [line 1]
    Block [line 2]
      Return [line 3]
        Binaryop op="/" [line 3]
          Location name="x" [line 3]
          Location name="y" [line 3]
